// Jest Snapshot v1, https://goo.gl/fbAQLP

exports[`App renders correctly 1`] = `
<div
  class="App-root-1"
>
  <header
    class="MuiPaper-root MuiPaper-elevation4 MuiAppBar-root MuiAppBar-positionFixed App-appBar-2 MuiAppBar-colorPrimary mui-fixed"
  >
    <div
      class="MuiToolbar-root MuiToolbar-regular MuiToolbar-gutters"
    >
      <h6
        class="MuiTypography-root MuiTypography-h6"
      >
        Reactify
      </h6>
    </div>
  </header>
  <div
    class="MuiDrawer-root MuiDrawer-docked Menu-drawer-75"
  >
    <div
      class="MuiPaper-root MuiPaper-elevation0 MuiDrawer-paper Menu-drawerPaper-76 MuiDrawer-paperAnchorLeft MuiDrawer-paperAnchorDockedLeft"
    >
      <div
        class="Menu-toolbar-77"
      />
      <hr
        class="MuiDivider-root"
      />
      <ul
        class="MuiList-root MuiList-padding"
      >
        <div
          aria-disabled="false"
          class="MuiButtonBase-root MuiListItem-root MuiListItem-gutters MuiListItem-button"
          role="button"
          tabindex="0"
        >
          <div
            class="MuiListItemIcon-root Menu-menuItemIcon-78"
          >
            <svg
              aria-hidden="true"
              class="MuiSvgIcon-root"
              focusable="false"
              role="presentation"
              viewBox="0 0 24 24"
            >
              <path
                d="M11.99 2C6.47 2 2 6.48 2 12s4.47 10 9.99 10C17.52 22 22 17.52 22 12S17.52 2 11.99 2zm4.24 16L12 15.45 7.77 18l1.12-4.81-3.73-3.23 4.92-.42L12 5l1.92 4.53 4.92.42-3.73 3.23L16.23 18z"
              />
            </svg>
          </div>
          <div
            class="MuiListItemText-root"
          >
            <p
              class="MuiTypography-root MuiTypography-body1"
            >
              Recomendaciones
            </p>
          </div>
        </div>
        <div
          aria-disabled="false"
          class="MuiButtonBase-root MuiListItem-root MuiListItem-gutters MuiListItem-button"
          role="button"
          tabindex="0"
        >
          <div
            class="MuiListItemIcon-root Menu-menuItemIcon-78"
          >
            <svg
              aria-hidden="true"
              class="MuiSvgIcon-root"
              focusable="false"
              role="presentation"
              viewBox="0 0 24 24"
            >
              <path
                d="M15.5 14h-.79l-.28-.27C15.41 12.59 16 11.11 16 9.5 16 5.91 13.09 3 9.5 3S3 5.91 3 9.5 5.91 16 9.5 16c1.61 0 3.09-.59 4.23-1.57l.27.28v.79l5 4.99L20.49 19l-4.99-5zm-6 0C7.01 14 5 11.99 5 9.5S7.01 5 9.5 5 14 7.01 14 9.5 11.99 14 9.5 14z"
              />
            </svg>
          </div>
          <div
            class="MuiListItemText-root"
          >
            <p
              class="MuiTypography-root MuiTypography-body1"
            >
              Buscar música
            </p>
          </div>
        </div>
        <div
          aria-disabled="false"
          class="MuiButtonBase-root MuiListItem-root MuiListItem-gutters MuiListItem-button"
          role="button"
          tabindex="0"
        >
          <div
            class="MuiListItemIcon-root Menu-menuItemIcon-78"
          >
            <svg
              aria-hidden="true"
              class="MuiSvgIcon-root"
              focusable="false"
              role="presentation"
              viewBox="0 0 24 24"
            >
              <path
                d="M20 2H8c-1.1 0-2 .9-2 2v12c0 1.1.9 2 2 2h12c1.1 0 2-.9 2-2V4c0-1.1-.9-2-2-2zm-2 5h-3v5.5c0 1.38-1.12 2.5-2.5 2.5S10 13.88 10 12.5s1.12-2.5 2.5-2.5c.57 0 1.08.19 1.5.51V5h4v2zM4 6H2v14c0 1.1.9 2 2 2h14v-2H4V6z"
              />
            </svg>
          </div>
          <div
            class="MuiListItemText-root"
          >
            <p
              class="MuiTypography-root MuiTypography-body1"
            >
              Toda la música
            </p>
          </div>
        </div>
      </ul>
    </div>
  </div>
  <main
    class="App-content-3"
  >
    <div
      class="App-toolbar-4"
    />
    <h6
      class="MuiTypography-root MuiTypography-h6"
    >
      Main page
    </h6>
  </main>
</div>
`;
